// Jest Snapshot v1, https://goo.gl/fbAQLP

exports[`ignoredUsers getIgnoredUsers empty 1`] = `[]`;

exports[`ignoredUsers getIgnoredUsers many 1`] = `
[
  "user1",
  "user2",
  "user3",
  "user4",
]
`;

exports[`ignoredUsers getIgnoredUsers single 1`] = `
[
  "user1",
]
`;
